#-----------------------------------------------------------
# Vivado v2023.1 (64-bit)
# SW Build 3865809 on Sun May  7 15:05:29 MDT 2023
# IP Build 3864474 on Sun May  7 20:36:21 MDT 2023
# SharedData Build 3865790 on Sun May 07 13:33:03 MDT 2023
# Start of session at: Mon Jul  1 11:40:52 2024
# Process ID: 13836
# Current directory: C:/Users/Luxxa/OneDrive/Uni Master/Semester 2/RES/Final_Project/Project_vivado_malte/final_project_v1
# Command line: vivado.exe -gui_launcher_event rodinguilauncherevent7164 C:\Users\Luxxa\OneDrive\Uni Master\Semester 2\RES\Final_Project\Project_vivado_malte\final_project_v1\final_project_v1.xpr
# Log file: C:/Users/Luxxa/OneDrive/Uni Master/Semester 2/RES/Final_Project/Project_vivado_malte/final_project_v1/vivado.log
# Journal file: C:/Users/Luxxa/OneDrive/Uni Master/Semester 2/RES/Final_Project/Project_vivado_malte/final_project_v1\vivado.jou
# Running On: DESKTOP-P6MKC1M, OS: Windows, CPU Frequency: 2808 MHz, CPU Physical cores: 2, Host memory: 21340 MB
#-----------------------------------------------------------
start_gui
